00:00:00.003808 main     VirtualBox COM Server 7.0.14 r161095 win.amd64 (Jan 15 2024 14:59:30) release log
00:00:00.003811 main     Log opened 2024-04-23T13:07:30.309756800Z
00:00:00.003812 main     Build Type: release
00:00:00.003818 main     OS Product: Windows 11
00:00:00.003819 main     OS Release: 10.0.22631
00:00:00.003820 main     OS Service Pack: 
00:00:00.099167 main     DMI Product Name: Vostro 15 3530
00:00:00.115077 main     DMI Product Version: 
00:00:00.115101 main     Firmware type: UEFI
00:00:00.115667 main     Secure Boot: VERR_PRIVILEGE_NOT_HELD
00:00:00.115698 main     Host RAM: 16068MB (15.6GB) total, 6670MB (6.5GB) available
00:00:00.115704 main     Executable: C:\Program Files\Oracle\VirtualBox\VBoxSVC.exe
00:00:00.115705 main     Process ID: 12264
00:00:00.115705 main     Package type: WINDOWS_64BITS_GENERIC
00:00:00.230906          VirtualBox: object creation starts
00:00:00.231331          Home directory: 'C:\Users\pisti\.VirtualBox'
00:00:00.231472          Installed Drivers:
00:00:00.236922            C:\Windows\system32\DRIVERS\VBoxNetLwf.sys (Version: 7.0.14.11095)
00:00:00.237852            C:\Windows\system32\DRIVERS\VBoxUSBMon.sys (Version: 7.0.14.11095)
00:00:00.238225            C:\Windows\system32\DRIVERS\VBoxSup.sys (Version: 7.0.14.11095)
00:00:00.239836            C:\Windows\system32\DRIVERS\VBoxNetAdp6.sys (Version: 7.0.14.11095)
00:00:00.256416          Loading settings file "C:\Users\pisti\.VirtualBox\VirtualBox.xml" with version "1.12-windows"
00:00:00.258458          usbLibGetDevices: Starting USB device enumeration
00:00:00.259619          Getting USB descriptor (id 0) failed (dwErr=31) on hub USB#ROOT_HUB30#4&32360850&0&0#{f18a0e88-c30c-11d0-8815-00a0c906bed8} port 5
00:00:00.259718          Getting USB descriptor (id 0) failed (dwErr=31) on hub USB#ROOT_HUB30#4&32360850&0&0#{f18a0e88-c30c-11d0-8815-00a0c906bed8} port 6
00:00:00.259792          Getting USB descriptor (id 0) failed (dwErr=31) on hub USB#ROOT_HUB30#4&32360850&0&0#{f18a0e88-c30c-11d0-8815-00a0c906bed8} port 10
00:00:00.260817          usbLibGetDevices: Found 4 USB devices, 0 captured
00:00:00.260861          USB: Unknown USB device detected (idVendor: 0x0bda, idProduct: 0xc829)
00:00:00.260891          USB: Unknown USB device detected (idVendor: 0x0c45, idProduct: 0x6739)
00:00:00.260905          USB: Unknown USB device detected (idVendor: 0x1ea7, idProduct: 0x0064)
00:00:00.260917          USB: Unknown USB device detected (idVendor: 0x27c6, idProduct: 0x639c)
00:00:00.460348          HostDnsMonitor: initializing
00:00:00.472547          HostDnsMonitor: updating information
00:00:00.472588          HostDnsMonitor: old information
00:00:00.472589            no server entries
00:00:00.472591            no domain set
00:00:00.472591            no search string entries
00:00:00.472592          HostDnsMonitor: new information
00:00:00.472593            server 1: 8.8.8.8
00:00:00.472594            server 2: 1.1.1.1
00:00:00.472595            no domain set
00:00:00.472595            no search string entries
00:00:00.479307          VD: VDInit finished with VINF_SUCCESS
00:00:00.480932          Loading settings file "C:\Users\pisti\VirtualBox VMs\CentOs 7\Centos 7\Centos 7.vbox" with version "1.19-windows"
00:00:00.482037          VirtualBox: object created
00:00:00.587574          Saving settings file "C:\Users\pisti\.VirtualBox\VirtualBox.xml" with version "1.12-windows"
00:00:00.593394          Finished saving settings file "C:\Users\pisti\.VirtualBox\VirtualBox.xml"
00:00:00.593693          Saving settings file "C:\Users\pisti\.VirtualBox\VirtualBox.xml" with version "1.12-windows"
00:00:00.598199          Finished saving settings file "C:\Users\pisti\.VirtualBox\VirtualBox.xml"
00:00:00.598515          Saving settings file "C:\Users\pisti\.VirtualBox\VirtualBox.xml" with version "1.12-windows"
00:00:00.604080          Finished saving settings file "C:\Users\pisti\.VirtualBox\VirtualBox.xml"
00:00:02.134427          ERROR [COM]: aRC=VBOX_E_INVALID_VM_STATE (0x80bb0002) aIID={300763af-5d6b-46e6-aa96-273eac15538a} aComponent={MachineWrap} aText={The machine is not mutable (state is PoweredOff)}, preserve=false aResultDetail=0
00:01:29.785429          Launched VM: 3415248272 pid: 5608 (0x15e8) frontend: GUI/Qt name: Centos 7
00:01:29.806006          ERROR [COM]: aRC=VBOX_E_INVALID_VM_STATE (0x80bb0002) aIID={300763af-5d6b-46e6-aa96-273eac15538a} aComponent={MachineWrap} aText={The machine is not mutable (state is PoweredOff)}, preserve=false aResultDetail=0
00:01:38.817979          ERROR [COM]: aRC=VBOX_E_INVALID_VM_STATE (0x80bb0002) aIID={300763af-5d6b-46e6-aa96-273eac15538a} aComponent={MachineWrap} aText={The machine is not mutable (state is PoweredOff)}, preserve=false aResultDetail=0
00:01:39.942790          ERROR [COM]: aRC=VBOX_E_OBJECT_NOT_FOUND (0x80bb0001) aIID={70401eef-c8e9-466b-9660-45cb3e9979e4} aComponent={ExtPackManagerWrap} aText={No extension pack by the name 'Oracle VM VirtualBox Extension Pack' was found}, preserve=false aResultDetail=0
00:01:47.896158          ERROR [COM]: aRC=VBOX_E_IPRT_ERROR (0x80bb0005) aIID={300763af-5d6b-46e6-aa96-273eac15538a} aComponent={SessionMachine} aText={Saved screenshot data is not available (VERR_NOT_SUPPORTED)}, preserve=false aResultDetail=-37
00:01:49.029193          ERROR [COM]: aRC=VBOX_E_INVALID_VM_STATE (0x80bb0002) aIID={300763af-5d6b-46e6-aa96-273eac15538a} aComponent={SessionMachine} aText={The machine is not mutable or saved (state is Starting)}, preserve=false aResultDetail=0
00:01:49.201686          Saving settings file "C:\Users\pisti\VirtualBox VMs\CentOs 7\Centos 7\Centos 7.vbox" with version "1.19-windows"
00:01:49.210030          Finished saving settings file "C:\Users\pisti\VirtualBox VMs\CentOs 7\Centos 7\Centos 7.vbox"
00:01:49.262622          ERROR [COM]: aRC=VBOX_E_INVALID_VM_STATE (0x80bb0002) aIID={300763af-5d6b-46e6-aa96-273eac15538a} aComponent={MachineWrap} aText={The machine is not mutable (state is Starting)}, preserve=false aResultDetail=0
00:01:49.286941          ERROR [COM]: aRC=VBOX_E_INVALID_VM_STATE (0x80bb0002) aIID={300763af-5d6b-46e6-aa96-273eac15538a} aComponent={MachineWrap} aText={The machine is not mutable (state is Starting)}, preserve=false aResultDetail=0
00:01:51.857162          ERROR [COM]: aRC=VBOX_E_OBJECT_NOT_FOUND (0x80bb0001) aIID={ad47ad09-787b-44ab-b343-a082a3f2dfb1} aComponent={MediumWrap} aText={Property 'CRYPT/KeyId' does not exist}, preserve=false aResultDetail=0
00:01:52.395022          ERROR [COM]: aRC=VBOX_E_INVALID_VM_STATE (0x80bb0002) aIID={300763af-5d6b-46e6-aa96-273eac15538a} aComponent={MachineWrap} aText={The machine is not mutable (state is Running)}, preserve=false aResultDetail=0
00:01:55.107442          Saving settings file "C:\Users\pisti\VirtualBox VMs\CentOs 7\Centos 7\Centos 7.vbox" with version "1.19-windows"
00:01:55.113729          Finished saving settings file "C:\Users\pisti\VirtualBox VMs\CentOs 7\Centos 7\Centos 7.vbox"
00:01:55.128362          ERROR [COM]: aRC=VBOX_E_INVALID_VM_STATE (0x80bb0002) aIID={300763af-5d6b-46e6-aa96-273eac15538a} aComponent={MachineWrap} aText={The machine is not mutable (state is Running)}, preserve=false aResultDetail=0
00:02:10.094627          Saving settings file "C:\Users\pisti\VirtualBox VMs\CentOs 7\Centos 7\Centos 7.vbox" with version "1.19-windows"
00:02:10.100245          Finished saving settings file "C:\Users\pisti\VirtualBox VMs\CentOs 7\Centos 7\Centos 7.vbox"
00:02:10.120012          ERROR [COM]: aRC=VBOX_E_INVALID_VM_STATE (0x80bb0002) aIID={300763af-5d6b-46e6-aa96-273eac15538a} aComponent={MachineWrap} aText={The machine is not mutable (state is Running)}, preserve=false aResultDetail=0
00:02:15.218011          Saving settings file "C:\Users\pisti\VirtualBox VMs\CentOs 7\Centos 7\Centos 7.vbox" with version "1.19-windows"
00:02:15.226211          Finished saving settings file "C:\Users\pisti\VirtualBox VMs\CentOs 7\Centos 7\Centos 7.vbox"
00:02:15.235173          ERROR [COM]: aRC=VBOX_E_INVALID_VM_STATE (0x80bb0002) aIID={300763af-5d6b-46e6-aa96-273eac15538a} aComponent={MachineWrap} aText={The machine is not mutable (state is Running)}, preserve=false aResultDetail=0
00:02:29.638717          Saving settings file "C:\Users\pisti\VirtualBox VMs\CentOs 7\Centos 7\Centos 7.vbox" with version "1.19-windows"
00:02:29.643722          Finished saving settings file "C:\Users\pisti\VirtualBox VMs\CentOs 7\Centos 7\Centos 7.vbox"
00:02:29.659826          ERROR [COM]: aRC=VBOX_E_INVALID_VM_STATE (0x80bb0002) aIID={300763af-5d6b-46e6-aa96-273eac15538a} aComponent={MachineWrap} aText={The machine is not mutable (state is Running)}, preserve=false aResultDetail=0
00:13:37.180921 dns-monitor HostDnsMonitor: updating information
00:13:37.180989 dns-monitor HostDnsMonitor: unchanged
00:23:56.812543 dns-monitor HostDnsMonitor: updating information
00:23:56.812745 dns-monitor HostDnsMonitor: unchanged
00:41:11.221005 dns-monitor HostDnsMonitor: updating information
00:41:11.221180 dns-monitor HostDnsMonitor: unchanged
00:51:45.433390 dns-monitor HostDnsMonitor: updating information
00:51:45.433656 dns-monitor HostDnsMonitor: unchanged
00:54:22.294225 USBPROXY usbLibGetDevices: Starting USB device enumeration
00:54:22.297265 USBPROXY Getting USB descriptor (id 0) failed (dwErr=31) on hub USB#ROOT_HUB30#4&32360850&0&0#{f18a0e88-c30c-11d0-8815-00a0c906bed8} port 5
00:54:22.297676 USBPROXY Getting USB descriptor (id 0) failed (dwErr=31) on hub USB#ROOT_HUB30#4&32360850&0&0#{f18a0e88-c30c-11d0-8815-00a0c906bed8} port 6
00:54:22.297992 USBPROXY Getting USB descriptor (id 0) failed (dwErr=31) on hub USB#ROOT_HUB30#4&32360850&0&0#{f18a0e88-c30c-11d0-8815-00a0c906bed8} port 10
00:54:22.298521 USBPROXY usbLibGetDevices: Found 4 USB devices, 0 captured
01:31:57.661072          Saving settings file "C:\Users\pisti\VirtualBox VMs\CentOs 7\Centos 7\Centos 7.vbox" with version "1.19-windows"
01:31:57.668657          Finished saving settings file "C:\Users\pisti\VirtualBox VMs\CentOs 7\Centos 7\Centos 7.vbox"
01:31:57.695576          ERROR [COM]: aRC=VBOX_E_INVALID_VM_STATE (0x80bb0002) aIID={300763af-5d6b-46e6-aa96-273eac15538a} aComponent={MachineWrap} aText={The machine is not mutable (state is Running)}, preserve=false aResultDetail=0
01:32:09.530324          Saving settings file "C:\Users\pisti\VirtualBox VMs\CentOs 7\Centos 7\Centos 7.vbox" with version "1.19-windows"
01:32:09.540641          Finished saving settings file "C:\Users\pisti\VirtualBox VMs\CentOs 7\Centos 7\Centos 7.vbox"
01:32:09.554764          ERROR [COM]: aRC=VBOX_E_INVALID_VM_STATE (0x80bb0002) aIID={300763af-5d6b-46e6-aa96-273eac15538a} aComponent={MachineWrap} aText={The machine is not mutable (state is Running)}, preserve=false aResultDetail=0
01:32:09.968026          Saving settings file "C:\Users\pisti\VirtualBox VMs\CentOs 7\Centos 7\Centos 7.vbox" with version "1.19-windows"
01:32:09.975721          Finished saving settings file "C:\Users\pisti\VirtualBox VMs\CentOs 7\Centos 7\Centos 7.vbox"
01:32:09.988618          ERROR [COM]: aRC=VBOX_E_INVALID_VM_STATE (0x80bb0002) aIID={300763af-5d6b-46e6-aa96-273eac15538a} aComponent={MachineWrap} aText={The machine is not mutable (state is Running)}, preserve=false aResultDetail=0
01:32:11.281647          Saving settings file "C:\Users\pisti\VirtualBox VMs\CentOs 7\Centos 7\Centos 7.vbox" with version "1.19-windows"
01:32:11.289592          Finished saving settings file "C:\Users\pisti\VirtualBox VMs\CentOs 7\Centos 7\Centos 7.vbox"
01:32:11.298718          ERROR [COM]: aRC=VBOX_E_INVALID_VM_STATE (0x80bb0002) aIID={300763af-5d6b-46e6-aa96-273eac15538a} aComponent={MachineWrap} aText={The machine is not mutable (state is Running)}, preserve=false aResultDetail=0
01:32:12.749399          Saving settings file "C:\Users\pisti\VirtualBox VMs\CentOs 7\Centos 7\Centos 7.vbox" with version "1.19-windows"
01:32:12.755923          Finished saving settings file "C:\Users\pisti\VirtualBox VMs\CentOs 7\Centos 7\Centos 7.vbox"
01:32:12.777398          ERROR [COM]: aRC=VBOX_E_INVALID_VM_STATE (0x80bb0002) aIID={300763af-5d6b-46e6-aa96-273eac15538a} aComponent={MachineWrap} aText={The machine is not mutable (state is Running)}, preserve=false aResultDetail=0
01:33:35.673655          Saving settings file "C:\Users\pisti\VirtualBox VMs\CentOs 7\Centos 7\Centos 7.vbox" with version "1.19-windows"
01:33:35.680577          Finished saving settings file "C:\Users\pisti\VirtualBox VMs\CentOs 7\Centos 7\Centos 7.vbox"
01:34:27.077391          Saving settings file "C:\Users\pisti\VirtualBox VMs\CentOs 7\Centos 7\Centos 7.vbox" with version "1.19-windows"
01:34:27.083526          Finished saving settings file "C:\Users\pisti\VirtualBox VMs\CentOs 7\Centos 7\Centos 7.vbox"
01:34:28.061214          Saving settings file "C:\Users\pisti\VirtualBox VMs\CentOs 7\Centos 7\Centos 7.vbox" with version "1.19-windows"
01:34:28.068177          Finished saving settings file "C:\Users\pisti\VirtualBox VMs\CentOs 7\Centos 7\Centos 7.vbox"
01:34:30.593981          Saving settings file "C:\Users\pisti\VirtualBox VMs\CentOs 7\Centos 7\Centos 7.vbox" with version "1.19-windows"
01:34:30.601628          Finished saving settings file "C:\Users\pisti\VirtualBox VMs\CentOs 7\Centos 7\Centos 7.vbox"
01:34:41.548534          Saving settings file "C:\Users\pisti\VirtualBox VMs\CentOs 7\Centos 7\Centos 7.vbox" with version "1.19-windows"
01:34:41.555793          Finished saving settings file "C:\Users\pisti\VirtualBox VMs\CentOs 7\Centos 7\Centos 7.vbox"
01:37:13.351097          Saving settings file "C:\Users\pisti\VirtualBox VMs\CentOs 7\Centos 7\Centos 7.vbox" with version "1.19-windows"
01:37:13.364223          Finished saving settings file "C:\Users\pisti\VirtualBox VMs\CentOs 7\Centos 7\Centos 7.vbox"
01:37:19.397114 main     VirtualBox: object deletion starts
01:37:19.399646 main     ERROR [COM]: aRC=VBOX_E_OBJECT_IN_USE (0x80bb000c) aIID={ad47ad09-787b-44ab-b343-a082a3f2dfb1} aComponent={MediumWrap} aText={Medium 'C:\Users\pisti\VirtualBox VMs\CentOs 7\Centos 7\Centos 7.vdi' cannot be closed because it is still attached to 1 virtual machines}, preserve=false aResultDetail=0
01:37:19.402625 main     HostDnsMonitor: shutting down ...
01:37:19.402953 main     HostDnsMonitor: shut down
01:37:19.413621 Watcher  ERROR [COM]: aRC=E_ACCESSDENIED (0x80070005) aIID={7682d5eb-f00e-44f1-8ca2-99d08b1cd607} aComponent={VirtualBoxWrap} aText={The object is not ready}, preserve=false aResultDetail=0
01:37:19.414081 main     VirtualBox: object deleted
